// Jest Snapshot v1, https://goo.gl/fbAQLP

exports[`Footer Component footer matches snapshot 1`] = `
<DocumentFragment>
  <footer
    class="site-footer"
  >
    <p
      class="footer-text"
    >
      Welcoming the warmth of June ☀️ | © 2025 Kyle McColgan
    </p>
  </footer>
</DocumentFragment>
`;
